<html>
<body>
<pre>
<h1>µVision Build Log</h1>
<h2>Tool Versions:</h2>
IDE-Version: ¦ÌVision V5.32.0.0
Copyright (C) 2020 ARM Ltd and ARM Germany GmbH. All rights reserved.
License Information: 1 Rick, 11, LIC=21E4T-R0S6A-X7PRZ-JBE70-11VV2-BCPLK
 
Tool Versions:
Toolchain:       MDK-ARM Plus  Version: 5.32.0.0
Toolchain Path:  D:\Program Files\Keil_ARM\ARM\ARMCC\Bin
C Compiler:      Armcc.exe V5.06 update 7 (build 960)
Assembler:       Armasm.exe V5.06 update 7 (build 960)
Linker/Locator:  ArmLink.exe V5.06 update 7 (build 960)
Library Manager: ArmAr.exe V5.06 update 7 (build 960)
Hex Converter:   FromElf.exe V5.06 update 7 (build 960)
CPU DLL:         SARMCM3.DLL V5.32.0.0
Dialog DLL:      DCM.DLL V1.17.3.0
Target DLL:      STLink\ST-LINKIII-KEIL_SWO.dll V3.0.8.0
Dialog DLL:      TCM.DLL V1.46.0.0
 
<h2>Project:</h2>
D:\ClionProject\Infantry-H7\MDK-ARM\Infantry-H7.uvprojx
Project File Date:  04/22/2025

<h2>Output:</h2>
*** Using Compiler 'V5.06 update 7 (build 960)', folder: 'D:\Program Files\Keil_ARM\ARM\ARMCC\Bin'
Build target 'Infantry-H7'
assembling startup_stm32h723xx.s...
compiling dma.c...
compiling fdcan.c...
compiling gpio.c...
compiling octospi.c...
compiling crc.c...
compiling i2c.c...
compiling freertos.c...
compiling adc.c...
compiling spi.c...
compiling memorymap.c...
compiling main.c...
compiling stm32h7xx_it.c...
compiling usb_device.c...
compiling stm32h7xx_hal_msp.c...
compiling usbd_conf.c...
compiling usbd_cdc_if.c...
compiling stm32h7xx_hal_timebase_tim.c...
compiling usart.c...
compiling tim.c...
compiling stm32h7xx_hal_tim_ex.c...
compiling usbd_desc.c...
compiling stm32h7xx_hal_tim.c...
compiling stm32h7xx_hal_pcd_ex.c...
compiling stm32h7xx_hal_pcd.c...
compiling stm32h7xx_hal_flash_ex.c...
compiling stm32h7xx_hal_flash.c...
compiling stm32h7xx_hal_hsem.c...
compiling stm32h7xx_hal_gpio.c...
compiling stm32h7xx_ll_usb.c...
compiling stm32h7xx_hal_dma_ex.c...
compiling stm32h7xx_hal_rcc_ex.c...
compiling stm32h7xx_hal_rcc.c...
compiling stm32h7xx_hal_dma.c...
compiling stm32h7xx_hal_i2c_ex.c...
compiling stm32h7xx_hal_pwr_ex.c...
compiling stm32h7xx_hal_mdma.c...
compiling stm32h7xx_hal_pwr.c...
compiling stm32h7xx_hal_cortex.c...
compiling stm32h7xx_hal.c...
compiling stm32h7xx_hal_exti.c...
compiling stm32h7xx_hal_crc.c...
compiling stm32h7xx_hal_adc_ex.c...
compiling croutine.c...
compiling event_groups.c...
compiling list.c...
compiling queue.c...
compiling stm32h7xx_hal_i2c.c...
compiling stream_buffer.c...
compiling tasks.c...
compiling timers.c...
compiling heap_4.c...
compiling port.c...
compiling stm32h7xx_hal_adc.c...
compiling stm32h7xx_hal_crc_ex.c...
compiling usbd_core.c...
compiling stm32h7xx_hal_uart_ex.c...
compiling stm32h7xx_hal_spi_ex.c...
compiling system_stm32h7xx.c...
compiling usbd_ctlreq.c...
compiling cmsis_os2.c...
compiling stm32h7xx_hal_ospi.c...
compiling stm32h7xx_hal_spi.c...
compiling stm32h7xx_hal_uart.c...
compiling stm32h7xx_hal_fdcan.c...
compiling mini_gimbal.c...
compiling gimbal_behaviour.c...
compiling usbd_ioreq.c...
compiling usbd_cdc.c...
compiling referee.c...
compiling auto_shoot.c...
compiling chassis.c...
compiling detect.c...
compiling gimbal.c...
compiling chassis_power_control.c...
compiling imu.c...
compiling chassis_behaviour.c...
..\User\application\module\chassis\chassis_behaviour.c(45): warning:  #550-D: variable "last_chassis_behaviour_mode"  was set but never used
  static chassis_behaviour_e last_chassis_behaviour_mode = CHASSIS_ZERO_FORCE;
..\User\application\module\chassis\chassis_behaviour.c: 1 warning, 0 errors
compiling chassis_task.c...
compiling tick.c...
compiling shoot.c...
compiling detect_task.c...
compiling ui.c...
compiling led_task.c...
compiling watch_task.c...
compiling imu_task.c...
compiling ui_data.c...
compiling gimbal_task.c...
compiling buzzer_task.c...
compiling auto_shoot_task.c...
compiling bsp_crc32.c...
compiling bsp_pwm.c...
compiling referee_task.c...
compiling bsp_can.c...
compiling kalman_filter.c...
compiling QuaternionEKF.c...
compiling user_lib.c...
compiling BMI088driver.c...
compiling remote_control_task.c...
compiling ui_task.c...
compiling ist8310driver.c...
compiling bsp_adc.c...
compiling feedforward.c...
compiling bsp_gpio.c...
compiling shoot_task.c...
compiling usb_task.c...
compiling bsp_tim.c...
compiling ist8310driver_middleware.c...
compiling bsp_uart.c...
compiling dt7.c...
compiling BMI088Middleware.c...
compiling dji_3508.c...
compiling pid.c...
compiling dji_2006.c...
compiling dji_6020.c...
compiling dm_4310.c...
compiling dm_4310_v41.c...
compiling supercap.c...
compiling fifo.c...
compiling vofa.c...
compiling CRC8_CRC16.c...
compiling ws2812.c...
linking...
Program Size: Code=78952 RO-data=5788 RW-data=3684 ZI-data=36476  
FromELF: creating hex file...
"Infantry-H7\Infantry-H7.axf" - 0 Error(s), 1 Warning(s).

<h2>Software Packages used:</h2>

Package Vendor: ARM
                http://www.keil.com/pack/ARM.CMSIS.5.9.0.pack
                ARM.CMSIS.5.9.0
                CMSIS (Common Microcontroller Software Interface Standard)
   * Component: CORE Version: 5.6.0

Package Vendor: Keil
                http://www.keil.com/pack/Keil.STM32H7xx_DFP.3.0.0.pack
                Keil.STM32H7xx_DFP.3.0.0
                STMicroelectronics STM32H7 Series Device Support and Examples

<h2>Collection of Component include folders:</h2>
  .\RTE\_Infantry-H7
  D:\Program Files\Keil_ARM\Packs\ARM\CMSIS\5.9.0\CMSIS\Core\Include
  D:\Program Files\Keil_ARM\Packs\Keil\STM32H7xx_DFP\3.0.0\Drivers\CMSIS\Device\ST\STM32H7xx\Include

<h2>Collection of Component Files used:</h2>

   * Component: ARM::CMSIS:CORE:5.6.0
      Include file:  CMSIS\Core\Include\tz_context.h
Build Time Elapsed:  00:03:07
</pre>
</body>
</html>
